Microchip MPLAB XC8 Compiler V1.42 ()

Linker command line:

-W-3 --edf=C:\Program Files (x86)\Microchip\xc8\v1.42\dat\en_msgs.txt -cs \
  -h+dist/default/debug\CGB.X.debug.sym \
  --cmf=dist/default/debug\CGB.X.debug.cmf -z -Q18F25K22 \
  -oC:\Users\dt\AppData\Local\Temp\s81s.2 \
  -Mdist/default/debug/CGB.X.debug.map -E1 -ver=XC8 -ASTACK=0200h-05ffh \
  -pstack=STACK -ACODE=00h-07FFFh -ACONST=00h-07FFFh \
  -ASMALLCONST=0600h-06FFhx122 -AMEDIUMCONST=0600h-07FFFh -ACOMRAM=01h-05Fh \
  -AABS1=00h-05FFh -ABIGRAM=01h-05FFh -ARAM=060h-0FFh,0100h-01FFhx5 \
  -ABANK0=060h-0FFh -ABANK1=0100h-01FFh -ABANK2=0200h-02FFh \
  -ABANK3=0300h-03FFh -ABANK4=0400h-04FFh -ABANK5=0500h-05FFh \
  -ASFR=0F38h-0F5Fh,0F60h-0FFCh \
  -preset_vec=00h,intcode=08h,intcodelo,powerup,init -pramtop=0600h \
  -psmallconst=SMALLCONST -pmediumconst=MEDIUMCONST -pconst=CONST \
  -AFARRAM=00h-00h -ACONFIG=0300000h-030000Dh -pconfig=CONFIG \
  -AIDLOC=0200000h-0200007h -pidloc=IDLOC -AEEDATA=0F00000h-0F000FFh \
  -peeprom_data=EEDATA \
  -prdata=COMRAM,nvrram=COMRAM,nvbit=COMRAM,rbss=COMRAM,rbit=COMRAM \
  -pfarbss=FARRAM,fardata=FARRAM,nvFARRAM=FARRAM \
  -pintsave_regs=BIGRAM,bigbss=BIGRAM,bigdata=BIGRAM -pbss=RAM \
  -pidata=CODE,irdata=CODE,ibigdata=CODE,ifardata=CODE -prparam=COMRAM \
  C:\Users\dt\AppData\Local\Temp\s81s.obj \
  dist/default/debug\CGB.X.debug.obj 

Object code version is 3.11

Machine type is 18F25K22

Call graph: (short form)




                Name                               Link     Load   Length Selector   Space Scale
C:\Users\dt\AppData\Local\Temp\s81s.obj
                init                                 8E       8E        4        4       0
                reset_vec                             0        0        6        0       0
                idloc                            200000   200000        8   200000       0
                config                           300000   300000        E   300000       0
dist/default/debug\CGB.X.debug.obj
                intcode                               8        8       86        4       0
                temp                                 3A       3A        1        1       1
                text23                              770      770       DE        4       0
                text22                              84E      84E       D6        4       0
                text21                              ECC      ECC       4A        4       0
                text20                               92       92      232        4       0
                text18                              FC2      FC2       2A        4       0
                text17                             1010     1010        A        4       0
                text16                              C88      C88       7E        4       0
                text15                              D7E      D7E       62        4       0
                text14                              B3C      B3C       AA        4       0
                text13                              E30      E30       50        4       0
                text12                              E80      E80       4C        4       0
                text11                              2C4      2C4      22E        4       0
                text10                              BE6      BE6       A2        4       0
                text9                               D06      D06       78        4       0
                text8                               4F2      4F2      158        4       0
                text7                               9DA      9DA       B4        4       0
                text6                               A8E      A8E       AE        4       0
                text5                               FEC      FEC       24        4       0
                text4                               F50      F50       3A        4       0
                text3                               F8A      F8A       38        4       0
                text2                               64A      64A      126        4       0
                text1                               DE0      DE0       50        4       0
                text0                               924      924       B6        4       0
                cstackCOMRAM                          1        1       26        1       1
                cstackBANK0                          60       60       33       60       1
                bssBANK1                            100      100      100      100       1
                bssBANK0                             93       93       19       60       1
                bssCOMRAM                            27       27       12        1       1
                cinit                               F16      F16       3A        4       0
                nvCOMRAM                             39       39        1        1       1

TOTAL           Name                               Link     Load   Length     Space
        CLASS   STACK          

        CLASS   CODE           
                intcode                               8        8       86         0
                init                                 8E       8E        4         0
                reset_vec                             0        0        6         0
                text23                              770      770       DE         0
                text22                              84E      84E       D6         0
                text21                              ECC      ECC       4A         0
                text20                               92       92      232         0
                text18                              FC2      FC2       2A         0
                text17                             1010     1010        A         0
                text16                              C88      C88       7E         0
                text15                              D7E      D7E       62         0
                text14                              B3C      B3C       AA         0
                text13                              E30      E30       50         0
                text12                              E80      E80       4C         0
                text11                              2C4      2C4      22E         0
                text10                              BE6      BE6       A2         0
                text9                               D06      D06       78         0
                text8                               4F2      4F2      158         0
                text7                               9DA      9DA       B4         0
                text6                               A8E      A8E       AE         0
                text5                               FEC      FEC       24         0
                text4                               F50      F50       3A         0
                text3                               F8A      F8A       38         0
                text2                               64A      64A      126         0
                text1                               DE0      DE0       50         0
                text0                               924      924       B6         0
                cinit                               F16      F16       3A         0

        CLASS   CONST          

        CLASS   SMALLCONST     

        CLASS   MEDIUMCONST    

        CLASS   COMRAM         
                temp                                 3A       3A        1         1
                cstackCOMRAM                          1        1       26         1
                bssCOMRAM                            27       27       12         1
                nvCOMRAM                             39       39        1         1

        CLASS   ABS1           

        CLASS   BIGRAM         

        CLASS   RAM            

        CLASS   BANK0          
                cstackBANK0                          60       60       33         1
                bssBANK0                             93       93       19         1

        CLASS   BANK1          
                bssBANK1                            100      100      100         1

        CLASS   BANK2          

        CLASS   BANK3          

        CLASS   BANK4          

        CLASS   BANK5          

        CLASS   SFR            

        CLASS   FARRAM         

        CLASS   CONFIG         
                config                           300000   300000        E         0

        CLASS   IDLOC          
                idloc                            200000   200000        8         0

        CLASS   EEDATA         



SEGMENTS        Name                           Load    Length   Top    Selector   Space  Class

                reset_vec                      000000  000006  000006         0       0  CODE    
                cstackCOMRAM                   000001  00003A  00003B         1       1  COMRAM  
                intcode                        000008  001012  00101A         4       0  CODE    
                cstackBANK0                    000060  00004C  0000AC        60       1  BANK0   
                bssBANK1                       000100  000100  000200       100       1  BANK1   
                idloc                          200000  000008  200008    200000       0  IDLOC   
                config                         300000  00000E  30000E    300000       0  CONFIG  


UNUSED ADDRESS RANGES

        Name                Unused          Largest block    Delta
        BANK0            0000AC-0000FF               54
        BANK2            000200-0002FF              100
        BANK3            000300-0003FF              100
        BANK4            000400-0004FF              100
        BANK5            000500-0005FF              100
        BIGRAM           00003B-00005F               25
                         0000AC-0000FF               54
                         000200-0005FF              400
        CODE             000006-000007                2
                         00101A-007FFF             6FE6
        COMRAM           00003B-00005F               25
        CONST            000006-000007                2
                         00101A-007FFF             6FE6
        EEDATA           F00000-F000FF              100
        MEDIUMCONST      00101A-007FFF             6FE6
        RAM              0000AC-0000FF               54
                         000200-0005FF              100
        SFR              000F38-000FFC               28
        SMALLCONST       00101A-007FFF              100
        STACK            000200-0005FF              400

                                  Symbol Table

EERead@adresse                    cstackBANK0  000060
EERead@orgGIE                     cstackBANK0  000061
GetBaudRateConfig@brg             cstackBANK0  000072
GetBaudRateConfig@brgh            cstackBANK0  00006A
GetBaudRateConfig@brgl            cstackBANK0  00006C
GetBaudRateConfig@osc             cstackBANK0  000064
GetBaudRateConfig@rate            cstackBANK0  000060
GetBaudRateConfig@setBRG16        cstackBANK0  000068
SetBaudRate@brg16                 cstackBANK0  000081
SetBaudRate@h                     cstackBANK0  00007F
SetBaudRate@l                     cstackBANK0  000080
SetBaudRate@o                     cstackBANK0  00007E
SetBaudRate@osc                   cstackBANK0  00007A
SetBaudRate@rate                  cstackBANK0  000076
SetBaudRate@uart                  cstackBANK0  000074
SetupInternalOscillator@enpll     cstackCOMRAM 000026
SetupInternalOscillator@setBits   cstackBANK0  000061
_ANSELAbits                       (abs)        000F38
_ANSELCbits                       (abs)        000F3A
_BAUDCON1bits                     (abs)        000FB8
_BAUDCON2bits                     (abs)        000F70
_EEADR                            (abs)        000FA9
_EECON1bits                       (abs)        000FA6
_EECON2                           (abs)        000FA7
_EEDATA                           (abs)        000FA8
_EERead                           text18       000FC2
_GetBaudRateConfig                text11       0002C4
_INTCON                           (abs)        000FF2
_INTCON3                          (abs)        000FF0
_INTCONbits                       (abs)        000FF2
_IPR1bits                         (abs)        000F9F
_IPR3bits                         (abs)        000FA5
_InitSystem                       text14       000B3C
_InitUart                         text6        000A8E
_IntHighRoutine                   intcode      000008
_LATA                             (abs)        000F89
_LATB                             (abs)        000F8A
_LoadConfigData                   text17       001010
_OSCCON2bits                      (abs)        000FD2
_OSCCONbits                       (abs)        000FD3
_OSCTUNEbits                      (abs)        000F9B
_PIE1                             (abs)        000F9D
_PIE1bits                         (abs)        000F9D
_PIE2                             (abs)        000FA0
_PIE3                             (abs)        000FA3
_PIE3bits                         (abs)        000FA3
_PIE4                             (abs)        000F7A
_PIE5                             (abs)        000F7D
_PIR1bits                         (abs)        000F9E
_PIR2bits                         (abs)        000FA1
_PIR3bits                         (abs)        000FA4
_RCONbits                         (abs)        000FD0
_RCREG1                           (abs)        000FAE
_RCREG2                           (abs)        000F74
_RCSTA1                           (abs)        000FAB
_RCSTA1bits                       (abs)        000FAB
_RCSTA2                           (abs)        000F71
_RCSTA2bits                       (abs)        000F71
_SPBRG1                           (abs)        000FAF
_SPBRG2                           (abs)        000F75
_SPBRGH1                          (abs)        000FB0
_SPBRGH2                          (abs)        000F76
_SetBaudRate                      text10       000BE6
_SetupInternalOscillator          text16       000C88
_TRISAbits                        (abs)        000F92
_TRISBbits                        (abs)        000F93
_TRISCbits                        (abs)        000F94
_TXREG1                           (abs)        000FAD
_TXREG2                           (abs)        000F73
_TXSTA1                           (abs)        000FAC
_TXSTA1bits                       (abs)        000FAC
_TXSTA2                           (abs)        000F72
_TXSTA2bits                       (abs)        000F72
__CFG_BOREN$SBORDIS               (abs)        000000
__CFG_BORV$190                    (abs)        000000
__CFG_CCP2MX$PORTC1               (abs)        000000
__CFG_CCP3MX$PORTB5               (abs)        000000
__CFG_CP0$OFF                     (abs)        000000
__CFG_CP1$OFF                     (abs)        000000
__CFG_CP2$OFF                     (abs)        000000
__CFG_CP3$OFF                     (abs)        000000
__CFG_CPB$OFF                     (abs)        000000
__CFG_CPD$OFF                     (abs)        000000
__CFG_EBTR0$OFF                   (abs)        000000
__CFG_EBTR1$OFF                   (abs)        000000
__CFG_EBTR2$OFF                   (abs)        000000
__CFG_EBTR3$OFF                   (abs)        000000
__CFG_EBTRB$OFF                   (abs)        000000
__CFG_FCMEN$OFF                   (abs)        000000
__CFG_FOSC$INTIO67                (abs)        000000
__CFG_HFOFST$ON                   (abs)        000000
__CFG_IESO$OFF                    (abs)        000000
__CFG_LVP$OFF                     (abs)        000000
__CFG_MCLRE$EXTMCLR               (abs)        000000
__CFG_P2BMX$PORTB5                (abs)        000000
__CFG_PBADEN$ON                   (abs)        000000
__CFG_PLLCFG$ON                   (abs)        000000
__CFG_PRICLKEN$ON                 (abs)        000000
__CFG_PWRTEN$ON                   (abs)        000000
__CFG_STVREN$ON                   (abs)        000000
__CFG_T3CMX$PORTC0                (abs)        000000
__CFG_WDTEN$OFF                   (abs)        000000
__CFG_WDTPS$32768                 (abs)        000000
__CFG_WRT0$OFF                    (abs)        000000
__CFG_WRT1$OFF                    (abs)        000000
__CFG_WRT2$OFF                    (abs)        000000
__CFG_WRT3$OFF                    (abs)        000000
__CFG_WRTB$OFF                    (abs)        000000
__CFG_WRTC$OFF                    (abs)        000000
__CFG_WRTD$OFF                    (abs)        000000
__CFG_XINST$OFF                   (abs)        000000
__HRAM                            (abs)        000000
__Habs1                           abs1         000000
__Hbank0                          bank0        000000
__Hbank1                          bank1        000000
__Hbank2                          bank2        000000
__Hbank3                          bank3        000000
__Hbank4                          bank4        000000
__Hbank5                          bank5        000000
__Hbigbss                         bigbss       000000
__Hbigdata                        bigdata      000000
__Hbigram                         bigram       000000
__Hbss                            bss          000000
__HbssBANK0                       bssBANK0     000000
__HbssBANK1                       bssBANK1     000000
__HbssCOMRAM                      bssCOMRAM    000000
__Hcinit                          cinit        000000
__Hclrtext                        clrtext      000000
__Hcomram                         comram       000000
__Hconfig                         config       30000E
__Hconst                          const        000000
__HcstackBANK0                    cstackBANK0  000000
__HcstackCOMRAM                   cstackCOMRAM 000000
__Hdata                           data         000000
__Heeprom_data                    eeprom_data  000000
__Hfarbss                         farbss       000000
__Hfardata                        fardata      000000
__Hibigdata                       ibigdata     000000
__Hidata                          idata        000000
__Hidloc                          idloc        200008
__Hifardata                       ifardata     000000
__Hinit                           init         000092
__Hintcode                        intcode      00008E
__Hintcode_body                   intcode_body 000000
__Hintcodelo                      intcodelo    00008E
__Hintentry                       intentry     000000
__Hintret                         intret       000000
__Hintsave_regs                   intsave_regs 000000
__Hirdata                         irdata       000000
__Hmediumconst                    mediumconst  000000
__HnvCOMRAM                       nvCOMRAM     000000
__HnvFARRAM                       nvFARRAM     000000
__Hnvbit                          nvbit        000000
__Hnvrram                         nvrram       000000
__Hparam                          rparam       000000
__Hpowerup                        powerup      00008E
__Hram                            ram          000000
__Hramtop                         ramtop       000600
__Hrbit                           rbit         000000
__Hrbss                           rbss         000000
__Hrdata                          rdata        000000
__Hreset_vec                      reset_vec    000006
__Hrparam                         rparam       000000
__Hsfr                            sfr          000000
__Hsmallconst                     smallconst   000000
__Hspace_0                        (abs)        30000E
__Hspace_1                        (abs)        000200
__Hspace_2                        (abs)        000000
__Hstack                          stack        000000
__Hstruct                         struct       000000
__Htemp                           temp         00003B
__Htext                           text         000000
__Htext0                          text0        000000
__Htext1                          text1        000000
__Htext10                         text10       000000
__Htext11                         text11       000000
__Htext12                         text12       000000
__Htext13                         text13       000000
__Htext14                         text14       000000
__Htext15                         text15       000000
__Htext16                         text16       000000
__Htext17                         text17       000000
__Htext18                         text18       000000
__Htext2                          text2        000000
__Htext20                         text20       000000
__Htext21                         text21       000000
__Htext22                         text22       000000
__Htext23                         text23       000000
__Htext3                          text3        000000
__Htext4                          text4        000000
__Htext5                          text5        000000
__Htext6                          text6        000000
__Htext7                          text7        000000
__Htext8                          text8        000000
__Htext9                          text9        000000
__LRAM                            (abs)        000001
__Labs1                           abs1         000000
__Lbank0                          bank0        000000
__Lbank1                          bank1        000000
__Lbank2                          bank2        000000
__Lbank3                          bank3        000000
__Lbank4                          bank4        000000
__Lbank5                          bank5        000000
__Lbigbss                         bigbss       000000
__Lbigdata                        bigdata      000000
__Lbigram                         bigram       000000
__Lbss                            bss          000000
__LbssBANK0                       bssBANK0     000000
__LbssBANK1                       bssBANK1     000000
__LbssCOMRAM                      bssCOMRAM    000000
__Lcinit                          cinit        000000
__Lclrtext                        clrtext      000000
__Lcomram                         comram       000000
__Lconfig                         config       300000
__Lconst                          const        000000
__LcstackBANK0                    cstackBANK0  000000
__LcstackCOMRAM                   cstackCOMRAM 000000
__Ldata                           data         000000
__Leeprom_data                    eeprom_data  000000
__Lfarbss                         farbss       000000
__Lfardata                        fardata      000000
__Libigdata                       ibigdata     000000
__Lidata                          idata        000000
__Lidloc                          idloc        200000
__Lifardata                       ifardata     000000
__Linit                           init         00008E
__Lintcode                        intcode      000008
__Lintcode_body                   intcode_body 000000
__Lintcodelo                      intcodelo    00008E
__Lintentry                       intentry     000000
__Lintret                         intret       000000
__Lintsave_regs                   intsave_regs 000000
__Lirdata                         irdata       000000
__Lmediumconst                    mediumconst  000000
__LnvCOMRAM                       nvCOMRAM     000000
__LnvFARRAM                       nvFARRAM     000000
__Lnvbit                          nvbit        000000
__Lnvrram                         nvrram       000000
__Lparam                          rparam       000000
__Lpowerup                        powerup      00008E
__Lram                            ram          000000
__Lramtop                         ramtop       000600
__Lrbit                           rbit         000000
__Lrbss                           rbss         000000
__Lrdata                          rdata        000000
__Lreset_vec                      reset_vec    000000
__Lrparam                         rparam       000000
__Lsfr                            sfr          000000
__Lsmallconst                     smallconst   000000
__Lspace_0                        (abs)        000000
__Lspace_1                        (abs)        000000
__Lspace_2                        (abs)        000000
__Lstack                          stack        000000
__Lstruct                         struct       000000
__Ltemp                           temp         00003A
__Ltext                           text         000000
__Ltext0                          text0        000000
__Ltext1                          text1        000000
__Ltext10                         text10       000000
__Ltext11                         text11       000000
__Ltext12                         text12       000000
__Ltext13                         text13       000000
__Ltext14                         text14       000000
__Ltext15                         text15       000000
__Ltext16                         text16       000000
__Ltext17                         text17       000000
__Ltext18                         text18       000000
__Ltext2                          text2        000000
__Ltext20                         text20       000000
__Ltext21                         text21       000000
__Ltext22                         text22       000000
__Ltext23                         text23       000000
__Ltext3                          text3        000000
__Ltext4                          text4        000000
__Ltext5                          text5        000000
__Ltext6                          text6        000000
__Ltext7                          text7        000000
__Ltext8                          text8        000000
__Ltext9                          text9        000000
__S0                              (abs)        30000E
__S1                              (abs)        000200
__S2                              (abs)        000000
___inthi_sp                       stack        000000
___intlo_sp                       stack        000000
___param_bank                     (abs)        000000
___rparam_used                    (abs)        000001
___sp                             stack        000000
__accesstop                       (abs)        000060
__activetblptr                    (abs)        000002
__end_of_EERead                   text18       000FEC
__end_of_GetBaudRateConfig        text11       0004F2
__end_of_InitSystem               text14       000BE6
__end_of_InitUart                 text6        000B3C
__end_of_IntHighRoutine           intcode      00008E
__end_of_LoadConfigData           text17       00101A
__end_of_SetBaudRate              text10       000C88
__end_of_SetupInternalOscillator  text16       000D06
__end_of__initialization          cinit        000F42
__end_of_fifoGet                  text23       00084E
__end_of_fifoInit                 text9        000D7E
__end_of_fifoPut                  text22       000924
__end_of_ledFlash                 text5        001010
__end_of_ledInit                  text15       000DE0
__end_of_ledOff                   text4        000F8A
__end_of_ledOn                    text3        000FC2
__end_of_ledTact                  text2        000770
__end_of_main                     text0        0009DA
__end_of_myDelay                  text1        000E30
__end_of_uartEnableRecv           text13       000E80
__end_of_uartEnableSend           text12       000ECC
__end_of_uartInit                 text8        00064A
__end_of_uartInitHalfDuplex       text7        000A8E
__end_of_uartInterruptHandler     text20       0002C4
__end_ofi2_uartEnableSend         text21       000F16
__initialization                  cinit        000F16
__mediumconst                     mediumconst  000000
__pbssBANK0                       bssBANK0     000093
__pbssBANK1                       bssBANK1     000100
__pbssCOMRAM                      bssCOMRAM    000027
__pcinit                          cinit        000F16
__pcstackBANK0                    cstackBANK0  000060
__pcstackCOMRAM                   cstackCOMRAM 000001
__pintcode                        intcode      000008
__pnvCOMRAM                       nvCOMRAM     000039
__ptext0                          text0        000924
__ptext1                          text1        000DE0
__ptext10                         text10       000BE6
__ptext11                         text11       0002C4
__ptext12                         text12       000E80
__ptext13                         text13       000E30
__ptext14                         text14       000B3C
__ptext15                         text15       000D7E
__ptext16                         text16       000C88
__ptext17                         text17       001010
__ptext18                         text18       000FC2
__ptext2                          text2        00064A
__ptext20                         text20       000092
__ptext21                         text21       000ECC
__ptext22                         text22       00084E
__ptext23                         text23       000770
__ptext3                          text3        000F8A
__ptext4                          text4        000F50
__ptext5                          text5        000FEC
__ptext6                          text6        000A8E
__ptext7                          text7        0009DA
__ptext8                          text8        0004F2
__ptext9                          text9        000D06
__ramtop                          ramtop       000600
__size_of_EERead                  (abs)        000000
__size_of_GetBaudRateConfig       (abs)        000000
__size_of_InitSystem              (abs)        000000
__size_of_InitUart                (abs)        000000
__size_of_IntHighRoutine          (abs)        000000
__size_of_LoadConfigData          (abs)        000000
__size_of_SetBaudRate             (abs)        000000
__size_of_SetupInternalOscillator (abs)        000000
__size_of_fifoGet                 (abs)        000000
__size_of_fifoInit                (abs)        000000
__size_of_fifoPut                 (abs)        000000
__size_of_ledFlash                (abs)        000000
__size_of_ledInit                 (abs)        000000
__size_of_ledOff                  (abs)        000000
__size_of_ledOn                   (abs)        000000
__size_of_ledTact                 (abs)        000000
__size_of_main                    (abs)        000000
__size_of_myDelay                 (abs)        000000
__size_of_uartEnableRecv          (abs)        000000
__size_of_uartEnableSend          (abs)        000000
__size_of_uartInit                (abs)        000000
__size_of_uartInitHalfDuplex      (abs)        000000
__size_of_uartInterruptHandler    (abs)        000000
__size_ofi2_uartEnableSend        (abs)        000000
__smallconst                      smallconst   000000
_adr                              nvCOMRAM     000039
_fifoGet                          text23       000770
_fifoInit                         text9        000D06
_fifoPut                          text22       00084E
_ledFlash                         text5        000FEC
_ledInit                          text15       000D7E
_ledOff                           text4        000F50
_ledOn                            text3        000F8A
_ledRx                            bssCOMRAM    000030
_ledTact                          text2        00064A
_ledTx                            bssCOMRAM    000027
_main                             text0        000924
_myDelay                          text1        000DE0
_uart                             bssBANK0     000093
_uartEnableRecv                   text13       000E30
_uartEnableSend                   text12       000E80
_uartInit                         text8        0004F2
_uartInitHalfDuplex               text7        0009DA
_uartInterruptHandler             text20       000092
_uartRecvBuffer                   bssBANK1     000100
_uartSendBuffer                   bssBANK1     000180
btemp                             temp         00003A
end_of_initialization             cinit        000F42
fifoGet@fifo                      cstackCOMRAM 000001
fifoGet@get                       cstackCOMRAM 000003
fifoInit@buf                      cstackBANK0  000062
fifoInit@fifo                     cstackBANK0  000060
fifoInit@size                     cstackBANK0  000064
fifoPut@fifo                      cstackCOMRAM 000001
fifoPut@put                       cstackCOMRAM 000003
i2_uartEnableSend                 text21       000ECC
i2uartEnableSend@onoff            cstackCOMRAM 000003
i2uartEnableSend@uart             cstackCOMRAM 000001
int$flags                         temp         00003A
intlevel0                         text         000000
intlevel1                         text         000000
intlevel2                         text         000000
intlevel3                         text         000000
ledFlash@led                      cstackBANK0  000060
ledInit@bm                        cstackBANK0  000066
ledInit@led                       cstackBANK0  000060
ledInit@off                       cstackBANK0  000064
ledInit@on                        cstackBANK0  000062
ledOff@led                        cstackBANK0  000060
ledOn@led                         cstackBANK0  000060
ledTact@led                       cstackBANK0  000060
myDelay@i                         cstackBANK0  000064
myDelay@per                       cstackBANK0  000060
stackhi                           (abs)        0005FF
stacklo                           (abs)        000200
start                             init         00008E
start_initialization              cinit        000F16
uartEnableRecv@onoff              cstackBANK0  000062
uartEnableRecv@uart               cstackBANK0  000060
uartEnableSend@onoff              cstackBANK0  000062
uartEnableSend@uart               cstackBANK0  000060
uartInit@baud                     cstackBANK0  000085
uartInit@num                      cstackBANK0  000084
uartInit@osc                      cstackBANK0  000089
uartInit@recvSize                 cstackBANK0  000092
uartInit@recvbuf                  cstackBANK0  000090
uartInit@sendSize                 cstackBANK0  00008F
uartInit@sendbuf                  cstackBANK0  00008D
uartInit@uart                     cstackBANK0  000082
uartInitHalfDuplex@bt             cstackBANK0  000064
uartInitHalfDuplex@port           cstackBANK0  000062
uartInitHalfDuplex@uart           cstackBANK0  000060
uartInterruptHandler@data         cstackCOMRAM 000017
uartInterruptHandler@fErr         cstackCOMRAM 000012
uartInterruptHandler@iRxEnable    cstackCOMRAM 000011
uartInterruptHandler@iRxFlag      cstackCOMRAM 000014
uartInterruptHandler@iTxEnable    cstackCOMRAM 00000D
uartInterruptHandler@iTxFlag      cstackCOMRAM 000010
uartInterruptHandler@oErr         cstackCOMRAM 000013
uartInterruptHandler@rcsta        cstackCOMRAM 000015
uartInterruptHandler@txsta        cstackCOMRAM 00000E
uartInterruptHandler@uart         cstackCOMRAM 000008


FUNCTION INFORMATION:

 *************** function _main *****************
 Defined at:
		line 136 in file "main.c"
 Parameters:    Size  Location     Type
		None
 Auto vars:     Size  Location     Type
		None
 Return value:  Size  Location     Type
                  1    wreg      void 
 Registers used:
		wreg, fsr1l, fsr1h, fsr2l, fsr2h, status,2, status,0, cstack
 Tracked objects:
		On entry : 
		On exit  : 
		Unchanged: 
 Data sizes:     COMRAM   BANK0   BANK1   BANK2   BANK3   BANK4   BANK5
      Params:         0       0       0       0       0       0       0
      Locals:         0       0       0       0       0       0       0
      Temps:          0       0       0       0       0       0       0
      Totals:         0       0       0       0       0       0       0
Total ram usage:        0 bytes
 Hardware stack levels required when called:    7
 This function calls:
		_InitSystem
		_InitUart
		_ledFlash
		_ledOff
		_ledOn
		_ledTact
		_myDelay
 This function is called by:
		Startup code after reset
 This function uses a non-reentrant model


 *************** function _myDelay *****************
 Defined at:
		line 126 in file "main.c"
 Parameters:    Size  Location     Type
  per             4    0[BANK0 ] long 
 Auto vars:     Size  Location     Type
  i               2    4[BANK0 ] int 
 Return value:  Size  Location     Type
                  1    wreg      void 
 Registers used:
		wreg, status,2, status,0
 Tracked objects:
		On entry : 
		On exit  : 
		Unchanged: 
 Data sizes:     COMRAM   BANK0   BANK1   BANK2   BANK3   BANK4   BANK5
      Params:         0       4       0       0       0       0       0
      Locals:         0       2       0       0       0       0       0
      Temps:          0       0       0       0       0       0       0
      Totals:         0       6       0       0       0       0       0
Total ram usage:        6 bytes
 Hardware stack levels used:    1
 Hardware stack levels required when called:    3
 This function calls:
		Nothing
 This function is called by:
		_main
 This function uses a non-reentrant model


 *************** function _ledTact *****************
 Defined at:
		line 52 in file "blink.c"
 Parameters:    Size  Location     Type
  led             2    0[BANK0 ] PTR struct .
		 -> ledTx(9), ledRx(9), 
 Auto vars:     Size  Location     Type
		None
 Return value:  Size  Location     Type
                  1    wreg      void 
 Registers used:
		wreg, fsr1l, fsr1h, fsr2l, fsr2h, status,2, status,0
 Tracked objects:
		On entry : 
		On exit  : 
		Unchanged: 
 Data sizes:     COMRAM   BANK0   BANK1   BANK2   BANK3   BANK4   BANK5
      Params:         0       2       0       0       0       0       0
      Locals:         0       0       0       0       0       0       0
      Temps:          0       2       0       0       0       0       0
      Totals:         0       4       0       0       0       0       0
Total ram usage:        4 bytes
 Hardware stack levels used:    1
 Hardware stack levels required when called:    3
 This function calls:
		Nothing
 This function is called by:
		_main
 This function uses a non-reentrant model


 *************** function _ledOn *****************
 Defined at:
		line 21 in file "blink.c"
 Parameters:    Size  Location     Type
  led             2    0[BANK0 ] PTR struct .
		 -> ledTx(9), ledRx(9), 
 Auto vars:     Size  Location     Type
		None
 Return value:  Size  Location     Type
                  1    wreg      void 
 Registers used:
		wreg, fsr2l, fsr2h, status,2, status,0
 Tracked objects:
		On entry : 
		On exit  : 
		Unchanged: 
 Data sizes:     COMRAM   BANK0   BANK1   BANK2   BANK3   BANK4   BANK5
      Params:         0       2       0       0       0       0       0
      Locals:         0       0       0       0       0       0       0
      Temps:          0       0       0       0       0       0       0
      Totals:         0       2       0       0       0       0       0
Total ram usage:        2 bytes
 Hardware stack levels used:    1
 Hardware stack levels required when called:    3
 This function calls:
		Nothing
 This function is called by:
		_main
 This function uses a non-reentrant model


 *************** function _ledOff *****************
 Defined at:
		line 28 in file "blink.c"
 Parameters:    Size  Location     Type
  led             2    0[BANK0 ] PTR struct .
		 -> ledTx(9), ledRx(9), 
 Auto vars:     Size  Location     Type
		None
 Return value:  Size  Location     Type
                  1    wreg      void 
 Registers used:
		wreg, fsr2l, fsr2h, status,2, status,0
 Tracked objects:
		On entry : 
		On exit  : 
		Unchanged: 
 Data sizes:     COMRAM   BANK0   BANK1   BANK2   BANK3   BANK4   BANK5
      Params:         0       2       0       0       0       0       0
      Locals:         0       0       0       0       0       0       0
      Temps:          0       0       0       0       0       0       0
      Totals:         0       2       0       0       0       0       0
Total ram usage:        2 bytes
 Hardware stack levels used:    1
 Hardware stack levels required when called:    3
 This function calls:
		Nothing
 This function is called by:
		_main
 This function uses a non-reentrant model


 *************** function _ledFlash *****************
 Defined at:
		line 46 in file "blink.c"
 Parameters:    Size  Location     Type
  led             2    0[BANK0 ] PTR struct .
		 -> ledTx(9), ledRx(9), 
 Auto vars:     Size  Location     Type
		None
 Return value:  Size  Location     Type
                  1    wreg      void 
 Registers used:
		wreg, fsr2l, fsr2h, status,2, status,0
 Tracked objects:
		On entry : 
		On exit  : 
		Unchanged: 
 Data sizes:     COMRAM   BANK0   BANK1   BANK2   BANK3   BANK4   BANK5
      Params:         0       2       0       0       0       0       0
      Locals:         0       0       0       0       0       0       0
      Temps:          0       0       0       0       0       0       0
      Totals:         0       2       0       0       0       0       0
Total ram usage:        2 bytes
 Hardware stack levels used:    1
 Hardware stack levels required when called:    3
 This function calls:
		Nothing
 This function is called by:
		_main
 This function uses a non-reentrant model


 *************** function _InitUart *****************
 Defined at:
		line 108 in file "main.c"
 Parameters:    Size  Location     Type
		None
 Auto vars:     Size  Location     Type
		None
 Return value:  Size  Location     Type
                  1    wreg      void 
 Registers used:
		wreg, fsr1l, fsr1h, fsr2l, fsr2h, status,2, status,0, cstack
 Tracked objects:
		On entry : 
		On exit  : 
		Unchanged: 
 Data sizes:     COMRAM   BANK0   BANK1   BANK2   BANK3   BANK4   BANK5
      Params:         0       0       0       0       0       0       0
      Locals:         0       0       0       0       0       0       0
      Temps:          0       0       0       0       0       0       0
      Totals:         0       0       0       0       0       0       0
Total ram usage:        0 bytes
 Hardware stack levels used:    1
 Hardware stack levels required when called:    6
 This function calls:
		_uartEnableRecv
		_uartEnableSend
		_uartInit
		_uartInitHalfDuplex
 This function is called by:
		_main
 This function uses a non-reentrant model


 *************** function _uartInitHalfDuplex *****************
 Defined at:
		line 130 in file "uart.c"
 Parameters:    Size  Location     Type
  uart            2    0[BANK0 ] PTR struct .
		 -> uart(25), 
  port            2    2[BANK0 ] PTR volatile unsigned ch
		 -> LATB(1), 
  bt              1    4[BANK0 ] unsigned char 
 Auto vars:     Size  Location     Type
		None
 Return value:  Size  Location     Type
                  1    wreg      void 
 Registers used:
		wreg, fsr1l, fsr1h, fsr2l, fsr2h, status,2, status,0
 Tracked objects:
		On entry : 
		On exit  : 
		Unchanged: 
 Data sizes:     COMRAM   BANK0   BANK1   BANK2   BANK3   BANK4   BANK5
      Params:         0       5       0       0       0       0       0
      Locals:         0       0       0       0       0       0       0
      Temps:          0       3       0       0       0       0       0
      Totals:         0       8       0       0       0       0       0
Total ram usage:        8 bytes
 Hardware stack levels used:    1
 Hardware stack levels required when called:    3
 This function calls:
		Nothing
 This function is called by:
		_InitUart
 This function uses a non-reentrant model


 *************** function _uartInit *****************
 Defined at:
		line 4 in file "uart.c"
 Parameters:    Size  Location     Type
  uart            2   34[BANK0 ] PTR struct .
		 -> uart(25), 
  num             1   36[BANK0 ] unsigned char 
  baud            4   37[BANK0 ] long 
  osc             4   41[BANK0 ] long 
  sendbuf         2   45[BANK0 ] PTR unsigned char 
		 -> uartSendBuffer(128), 
  sendSize        1   47[BANK0 ] unsigned char 
  recvbuf         2   48[BANK0 ] PTR unsigned char 
		 -> uartRecvBuffer(128), 
  recvSize        1   50[BANK0 ] unsigned char 
 Auto vars:     Size  Location     Type
  b16             1    0        unsigned char 
  h               1    0        unsigned char 
  l               1    0        unsigned char 
 Return value:  Size  Location     Type
                  1    wreg      void 
 Registers used:
		wreg, fsr1l, fsr1h, fsr2l, fsr2h, status,2, status,0, cstack
 Tracked objects:
		On entry : 
		On exit  : 
		Unchanged: 
 Data sizes:     COMRAM   BANK0   BANK1   BANK2   BANK3   BANK4   BANK5
      Params:         0      17       0       0       0       0       0
      Locals:         0       0       0       0       0       0       0
      Temps:          0       0       0       0       0       0       0
      Totals:         0      17       0       0       0       0       0
Total ram usage:       17 bytes
 Hardware stack levels used:    1
 Hardware stack levels required when called:    5
 This function calls:
		_SetBaudRate
		_fifoInit
 This function is called by:
		_InitUart
 This function uses a non-reentrant model


 *************** function _fifoInit *****************
 Defined at:
		line 3 in file "fifo.c"
 Parameters:    Size  Location     Type
  fifo            2    0[BANK0 ] PTR struct .
		 -> uart(25), 
  buf             2    2[BANK0 ] PTR unsigned char 
		 -> uartRecvBuffer(128), uartSendBuffer(128), 
  size            1    4[BANK0 ] unsigned char 
 Auto vars:     Size  Location     Type
		None
 Return value:  Size  Location     Type
                  1    wreg      void 
 Registers used:
		wreg, fsr1l, fsr1h, fsr2l, fsr2h, status,2, status,0
 Tracked objects:
		On entry : 
		On exit  : 
		Unchanged: 
 Data sizes:     COMRAM   BANK0   BANK1   BANK2   BANK3   BANK4   BANK5
      Params:         0       5       0       0       0       0       0
      Locals:         0       0       0       0       0       0       0
      Temps:          0       0       0       0       0       0       0
      Totals:         0       5       0       0       0       0       0
Total ram usage:        5 bytes
 Hardware stack levels used:    1
 Hardware stack levels required when called:    3
 This function calls:
		Nothing
 This function is called by:
		_uartInit
 This function uses a non-reentrant model


 *************** function _SetBaudRate *****************
 Defined at:
		line 105 in file "uart.c"
 Parameters:    Size  Location     Type
  uart            2   20[BANK0 ] PTR struct .
		 -> uart(25), 
  rate            4   22[BANK0 ] long 
  osc             4   26[BANK0 ] long 
 Auto vars:     Size  Location     Type
  brg16           1   33[BANK0 ] unsigned char 
  l               1   32[BANK0 ] unsigned char 
  h               1   31[BANK0 ] unsigned char 
  o               1   30[BANK0 ] unsigned char 
 Return value:  Size  Location     Type
                  1    wreg      unsigned char 
 Registers used:
		wreg, fsr2l, fsr2h, status,2, status,0, cstack
 Tracked objects:
		On entry : 
		On exit  : 
		Unchanged: 
 Data sizes:     COMRAM   BANK0   BANK1   BANK2   BANK3   BANK4   BANK5
      Params:         0      10       0       0       0       0       0
      Locals:         0       4       0       0       0       0       0
      Temps:          0       0       0       0       0       0       0
      Totals:         0      14       0       0       0       0       0
Total ram usage:       14 bytes
 Hardware stack levels used:    1
 Hardware stack levels required when called:    4
 This function calls:
		_GetBaudRateConfig
 This function is called by:
		_uartInit
 This function uses a non-reentrant model


 *************** function _GetBaudRateConfig *****************
 Defined at:
		line 64 in file "uart.c"
 Parameters:    Size  Location     Type
  rate            4    0[BANK0 ] long 
  osc             4    4[BANK0 ] long 
  setBRG16        2    8[BANK0 ] PTR unsigned char 
		 -> SetBaudRate@brg16(1), 
  brgh            2   10[BANK0 ] PTR unsigned char 
		 -> SetBaudRate@h(1), 
  brgl            2   12[BANK0 ] PTR unsigned char 
		 -> SetBaudRate@l(1), 
 Auto vars:     Size  Location     Type
  brg             2   18[BANK0 ] int 
 Return value:  Size  Location     Type
                  1    wreg      unsigned char 
 Registers used:
		wreg, fsr2l, fsr2h, status,2, status,0
 Tracked objects:
		On entry : 
		On exit  : 
		Unchanged: 
 Data sizes:     COMRAM   BANK0   BANK1   BANK2   BANK3   BANK4   BANK5
      Params:         0      14       0       0       0       0       0
      Locals:         0       2       0       0       0       0       0
      Temps:          0       4       0       0       0       0       0
      Totals:         0      20       0       0       0       0       0
Total ram usage:       20 bytes
 Hardware stack levels used:    1
 Hardware stack levels required when called:    3
 This function calls:
		Nothing
 This function is called by:
		_SetBaudRate
 This function uses a non-reentrant model


 *************** function _uartEnableSend *****************
 Defined at:
		line 139 in file "uart.c"
 Parameters:    Size  Location     Type
  uart            2    0[BANK0 ] PTR struct .
		 -> uart(25), 
  onoff           1    2[BANK0 ] unsigned char 
 Auto vars:     Size  Location     Type
		None
 Return value:  Size  Location     Type
                  1    wreg      void 
 Registers used:
		wreg, fsr2l, fsr2h, status,2, status,0
 Tracked objects:
		On entry : 
		On exit  : 
		Unchanged: 
 Data sizes:     COMRAM   BANK0   BANK1   BANK2   BANK3   BANK4   BANK5
      Params:         0       3       0       0       0       0       0
      Locals:         0       0       0       0       0       0       0
      Temps:          1       0       0       0       0       0       0
      Totals:         1       3       0       0       0       0       0
Total ram usage:        4 bytes
 Hardware stack levels used:    1
 Hardware stack levels required when called:    3
 This function calls:
		Nothing
 This function is called by:
		_InitUart
		_uartSendByte
		_uartSendString
		_uartSendString0
		_uartSendBuf
 This function uses a non-reentrant model


 *************** function _uartEnableRecv *****************
 Defined at:
		line 148 in file "uart.c"
 Parameters:    Size  Location     Type
  uart            2    0[BANK0 ] PTR struct .
		 -> uart(25), 
  onoff           1    2[BANK0 ] unsigned char 
 Auto vars:     Size  Location     Type
		None
 Return value:  Size  Location     Type
                  1    wreg      void 
 Registers used:
		wreg, fsr2l, fsr2h, status,2, status,0
 Tracked objects:
		On entry : 
		On exit  : 
		Unchanged: 
 Data sizes:     COMRAM   BANK0   BANK1   BANK2   BANK3   BANK4   BANK5
      Params:         0       3       0       0       0       0       0
      Locals:         0       0       0       0       0       0       0
      Temps:          1       0       0       0       0       0       0
      Totals:         1       3       0       0       0       0       0
Total ram usage:        4 bytes
 Hardware stack levels used:    1
 Hardware stack levels required when called:    3
 This function calls:
		Nothing
 This function is called by:
		_InitUart
 This function uses a non-reentrant model


 *************** function _InitSystem *****************
 Defined at:
		line 67 in file "main.c"
 Parameters:    Size  Location     Type
		None
 Auto vars:     Size  Location     Type
		None
 Return value:  Size  Location     Type
                  1    wreg      void 
 Registers used:
		wreg, fsr2l, fsr2h, status,2, status,0, cstack
 Tracked objects:
		On entry : 
		On exit  : 
		Unchanged: 
 Data sizes:     COMRAM   BANK0   BANK1   BANK2   BANK3   BANK4   BANK5
      Params:         0       0       0       0       0       0       0
      Locals:         0       0       0       0       0       0       0
      Temps:          0       0       0       0       0       0       0
      Totals:         0       0       0       0       0       0       0
Total ram usage:        0 bytes
 Hardware stack levels used:    1
 Hardware stack levels required when called:    5
 This function calls:
		_LoadConfigData
		_SetupInternalOscillator
		_ledInit
 This function is called by:
		_main
 This function uses a non-reentrant model


 *************** function _ledInit *****************
 Defined at:
		line 12 in file "blink.c"
 Parameters:    Size  Location     Type
  led             2    0[BANK0 ] PTR struct .
		 -> ledTx(9), ledRx(9), 
  on              2    2[BANK0 ] int 
  off             2    4[BANK0 ] int 
  bm              1    6[BANK0 ] unsigned char 
 Auto vars:     Size  Location     Type
		None
 Return value:  Size  Location     Type
                  1    wreg      void 
 Registers used:
		wreg, fsr2l, fsr2h, status,2, status,0
 Tracked objects:
		On entry : 
		On exit  : 
		Unchanged: 
 Data sizes:     COMRAM   BANK0   BANK1   BANK2   BANK3   BANK4   BANK5
      Params:         0       7       0       0       0       0       0
      Locals:         0       0       0       0       0       0       0
      Temps:          0       0       0       0       0       0       0
      Totals:         0       7       0       0       0       0       0
Total ram usage:        7 bytes
 Hardware stack levels used:    1
 Hardware stack levels required when called:    3
 This function calls:
		Nothing
 This function is called by:
		_InitSystem
 This function uses a non-reentrant model


 *************** function _SetupInternalOscillator *****************
 Defined at:
		line 6 in file "intosc.c"
 Parameters:    Size  Location     Type
  setBits         1    wreg     unsigned char 
  enpll           1   37[COMRAM] unsigned char 
 Auto vars:     Size  Location     Type
  setBits         1    1[BANK0 ] unsigned char 
 Return value:  Size  Location     Type
                  1    wreg      void 
 Registers used:
		wreg, status,2, status,0
 Tracked objects:
		On entry : 
		On exit  : 
		Unchanged: 
 Data sizes:     COMRAM   BANK0   BANK1   BANK2   BANK3   BANK4   BANK5
      Params:         1       0       0       0       0       0       0
      Locals:         0       1       0       0       0       0       0
      Temps:          0       1       0       0       0       0       0
      Totals:         1       2       0       0       0       0       0
Total ram usage:        3 bytes
 Hardware stack levels used:    1
 Hardware stack levels required when called:    3
 This function calls:
		Nothing
 This function is called by:
		_InitSystem
 This function uses a non-reentrant model


 *************** function _LoadConfigData *****************
 Defined at:
		line 57 in file "main.c"
 Parameters:    Size  Location     Type
		None
 Auto vars:     Size  Location     Type
		None
 Return value:  Size  Location     Type
                  1    wreg      void 
 Registers used:
		wreg, status,2, cstack
 Tracked objects:
		On entry : 
		On exit  : 
		Unchanged: 
 Data sizes:     COMRAM   BANK0   BANK1   BANK2   BANK3   BANK4   BANK5
      Params:         0       0       0       0       0       0       0
      Locals:         0       0       0       0       0       0       0
      Temps:          0       0       0       0       0       0       0
      Totals:         0       0       0       0       0       0       0
Total ram usage:        0 bytes
 Hardware stack levels used:    1
 Hardware stack levels required when called:    4
 This function calls:
		_EERead
 This function is called by:
		_InitSystem
 This function uses a non-reentrant model


 *************** function _EERead *****************
 Defined at:
		line 40 in file "eeprom.c"
 Parameters:    Size  Location     Type
  adresse         1    wreg     unsigned char 
 Auto vars:     Size  Location     Type
  adresse         1    0[BANK0 ] unsigned char 
  orgGIE          1    1[BANK0 ] unsigned char 
  data            1    0        unsigned char 
 Return value:  Size  Location     Type
                  1    wreg      unsigned char 
 Registers used:
		wreg, status,2
 Tracked objects:
		On entry : 
		On exit  : 
		Unchanged: 
 Data sizes:     COMRAM   BANK0   BANK1   BANK2   BANK3   BANK4   BANK5
      Params:         0       0       0       0       0       0       0
      Locals:         0       2       0       0       0       0       0
      Temps:          0       0       0       0       0       0       0
      Totals:         0       2       0       0       0       0       0
Total ram usage:        2 bytes
 Hardware stack levels used:    1
 Hardware stack levels required when called:    3
 This function calls:
		Nothing
 This function is called by:
		_LoadConfigData
		_EEReadInt
		_EEReadLong
 This function uses a non-reentrant model


 *************** function _IntHighRoutine *****************
 Defined at:
		line 117 in file "main.c"
 Parameters:    Size  Location     Type
		None
 Auto vars:     Size  Location     Type
		None
 Return value:  Size  Location     Type
                  1    wreg      void 
 Registers used:
		wreg, fsr1l, fsr1h, fsr2l, fsr2h, status,2, status,0, prodl, prodh, cstack
 Tracked objects:
		On entry : 
		On exit  : 
		Unchanged: 
 Data sizes:     COMRAM   BANK0   BANK1   BANK2   BANK3   BANK4   BANK5
      Params:         0       0       0       0       0       0       0
      Locals:         0       0       0       0       0       0       0
      Temps:         14       0       0       0       0       0       0
      Totals:        14       0       0       0       0       0       0
Total ram usage:       14 bytes
 Hardware stack levels used:    1
 Hardware stack levels required when called:    2
 This function calls:
		_uartInterruptHandler
 This function is called by:
		Interrupt level 2
 This function uses a non-reentrant model


 *************** function _uartInterruptHandler *****************
 Defined at:
		line 206 in file "uart.c"
 Parameters:    Size  Location     Type
  uart            2    7[COMRAM] PTR struct .
		 -> uart(25), 
 Auto vars:     Size  Location     Type
  rcsta           2   20[COMRAM] PTR volatile unsigned ch
		 -> RCSTA2(1), RCSTA1(1), 
  txsta           2   13[COMRAM] PTR volatile unsigned ch
		 -> TXSTA2(1), TXSTA1(1), 
  data            1   22[COMRAM] unsigned char 
  iRxFlag         1   19[COMRAM] unsigned char 
  oErr            1   18[COMRAM] unsigned char 
  fErr            1   17[COMRAM] unsigned char 
  iRxEnable       1   16[COMRAM] unsigned char 
  iTxFlag         1   15[COMRAM] unsigned char 
  iTxEnable       1   12[COMRAM] unsigned char 
 Return value:  Size  Location     Type
                  1    wreg      void 
 Registers used:
		wreg, fsr1l, fsr1h, fsr2l, fsr2h, status,2, status,0, prodl, prodh, cstack
 Tracked objects:
		On entry : 
		On exit  : 
		Unchanged: 
 Data sizes:     COMRAM   BANK0   BANK1   BANK2   BANK3   BANK4   BANK5
      Params:         2       0       0       0       0       0       0
      Locals:        11       0       0       0       0       0       0
      Temps:          3       0       0       0       0       0       0
      Totals:        16       0       0       0       0       0       0
Total ram usage:       16 bytes
 Hardware stack levels used:    1
 Hardware stack levels required when called:    1
 This function calls:
		_fifoGet
		_fifoPut
		i2_uartEnableSend
 This function is called by:
		_IntHighRoutine
 This function uses a non-reentrant model


 *************** function i2_uartEnableSend *****************
 Defined at:
		line 139 in file "uart.c"
 Parameters:    Size  Location     Type
  uart            2    0[COMRAM] PTR struct .
		 -> uart(25), 
  onoff           1    2[COMRAM] unsigned char 
 Auto vars:     Size  Location     Type
		None
 Return value:  Size  Location     Type
                  1    wreg      void 
 Registers used:
		wreg, fsr2l, fsr2h, status,2, status,0
 Tracked objects:
		On entry : 
		On exit  : 
		Unchanged: 
 Data sizes:     COMRAM   BANK0   BANK1   BANK2   BANK3   BANK4   BANK5
      Params:         3       0       0       0       0       0       0
      Locals:         0       0       0       0       0       0       0
      Temps:          1       0       0       0       0       0       0
      Totals:         4       0       0       0       0       0       0
Total ram usage:        4 bytes
 Hardware stack levels used:    1
 This function calls:
		Nothing
 This function is called by:
		_uartInterruptHandler
 This function uses a non-reentrant model


 *************** function _fifoPut *****************
 Defined at:
		line 12 in file "fifo.c"
 Parameters:    Size  Location     Type
  fifo            2    0[COMRAM] PTR struct .
		 -> uart(25), 
  put             1    2[COMRAM] unsigned char 
 Auto vars:     Size  Location     Type
		None
 Return value:  Size  Location     Type
                  1    wreg      unsigned char 
 Registers used:
		wreg, fsr1l, fsr1h, fsr2l, fsr2h, status,2, status,0, prodl, prodh
 Tracked objects:
		On entry : 
		On exit  : 
		Unchanged: 
 Data sizes:     COMRAM   BANK0   BANK1   BANK2   BANK3   BANK4   BANK5
      Params:         3       0       0       0       0       0       0
      Locals:         0       0       0       0       0       0       0
      Temps:          3       0       0       0       0       0       0
      Totals:         6       0       0       0       0       0       0
Total ram usage:        6 bytes
 Hardware stack levels used:    1
 This function calls:
		Nothing
 This function is called by:
		_uartInterruptHandler
		_fifoPutStr
		_fifoPutStr0
		_fifoPutBuf
		_uartSendByte
 This function uses a non-reentrant model


 *************** function _fifoGet *****************
 Defined at:
		line 74 in file "fifo.c"
 Parameters:    Size  Location     Type
  fifo            2    0[COMRAM] PTR struct .
		 -> uart(25), 
  get             2    2[COMRAM] PTR unsigned char 
		 -> uartTransmitAll@data(1), uartInterruptHandler@data(1), fifoGetBuf@elem(1), 
 Auto vars:     Size  Location     Type
		None
 Return value:  Size  Location     Type
                  1    wreg      unsigned char 
 Registers used:
		wreg, fsr1l, fsr1h, fsr2l, fsr2h, status,2, status,0, prodl, prodh
 Tracked objects:
		On entry : 
		On exit  : 
		Unchanged: 
 Data sizes:     COMRAM   BANK0   BANK1   BANK2   BANK3   BANK4   BANK5
      Params:         4       0       0       0       0       0       0
      Locals:         0       0       0       0       0       0       0
      Temps:          3       0       0       0       0       0       0
      Totals:         7       0       0       0       0       0       0
Total ram usage:        7 bytes
 Hardware stack levels used:    1
 This function calls:
		Nothing
 This function is called by:
		_uartInterruptHandler
		_fifoGetBuf
		_uartRecvByte
		_uartTransmitAll
 This function uses a non-reentrant model



MODULE INFORMATION

Module		Function		Class		Link	Load	Size
uart.c
		_uartEnableRecv		CODE           	0E30	0000	81
		_uartInterruptHandler		CODE           	0092	0000	563
		_SetBaudRate   		CODE           	0BE6	0000	163
		_GetBaudRateConfig		CODE           	02C4	0000	559
		_uartInitHalfDuplex		CODE           	09DA	0000	181
		_uartInit      		CODE           	04F2	0000	345
		_uartEnableSend		CODE           	0E80	0000	77

uart.c estimated size: 1969

fifo.c
		_fifoGet       		CODE           	0770	0000	223
		_fifoPut       		CODE           	084E	0000	215
		_fifoInit      		CODE           	0D06	0000	121

fifo.c estimated size: 559

blink.c
		_ledOff        		CODE           	0F50	0000	59
		_ledOn         		CODE           	0F8A	0000	57
		_ledTact       		CODE           	064A	0000	295
		_ledFlash      		CODE           	0FEC	0000	37
		_ledInit       		CODE           	0D7E	0000	99

blink.c estimated size: 547

eeprom.c
		_EERead        		CODE           	0FC2	0000	43

eeprom.c estimated size: 43

intosc.c
		_SetupInternalOscillator		CODE           	0C88	0000	127

intosc.c estimated size: 127

shared
		i2_uartEnableSend		CODE           	0ECC	0000	75
		__initialization		CODE           	0F16	0000	45

shared estimated size: 120

main.c
		_InitUart      		CODE           	0A8E	0000	175
		_main          		CODE           	0924	0000	183
		_myDelay       		CODE           	0DE0	0000	81
		_LoadConfigData		CODE           	1010	0000	11
		_IntHighRoutine		CODE           	0008	0000	135
		_InitSystem    		CODE           	0B3C	0000	171

main.c estimated size: 756

